Feature: Logowanie do systemu # features/login.feature:1
  Jako zarejestrowany u┐ytkownik
  Chcŕ mˇc siŕ zalogowaŠ do systemu
  Aby uzyskaŠ dostŕp do moich funkcjonalnoťci
  Scenario: Pomyťlne logowanie klienta                   # features/login.feature:6
    Given ┐e u┐ytkownik klienta istnieje z danymi        # features/steps/user_steps.py:21
      | username | testclient |
      | password | test123    |
      Traceback (most recent call last):
        File "C:\Users\rados\AppData\Local\Programs\Python\Python312\Lib\site-packages\behave\model.py", line 1595, in __getitem__
          index = self.headings.index(name)
                  ^^^^^^^^^^^^^^^^^^^^^^^^^
      ValueError: 'password' is not in list
      
      During handling of the above exception, another exception occurred:
      
      Traceback (most recent call last):
        File "C:\Users\rados\AppData\Local\Programs\Python\Python312\Lib\site-packages\behave\model.py", line 1329, in run
          match.run(runner.context)
        File "C:\Users\rados\AppData\Local\Programs\Python\Python312\Lib\site-packages\behave\matchers.py", line 98, in run
          self.func(context, *args, **kwargs)
        File "features\steps\user_steps.py", line 30, in step_client_user_exists_with_data
          password = row['password']
                     ~~~^^^^^^^^^^^^
        File "C:\Users\rados\AppData\Local\Programs\Python\Python312\Lib\site-packages\behave\model.py", line 1600, in __getitem__
          raise KeyError('"%s" is not a row heading' % name)
      KeyError: '"password" is not a row heading'

    When otwieram stronŕ logowania                       # None
    And wype│niam pole "username" wartoťci╣ "testclient" # None
    And wype│niam pole "password" wartoťci╣ "test123"    # None
    And klikam przycisk "Login"                          # None
    Then powinienem zobaczyŠ komunikat "Welcome back"    # None
    And powinienem byŠ na stronie dashboard klienta      # None

  Scenario: Pomyťlne logowanie recepcjonisty               # features/login.feature:17
    Given ┐e u┐ytkownik recepcjonisty istnieje z danymi    # features/steps/user_steps.py:42
      | username | receptionist |
      | password | admin123     |
      Traceback (most recent call last):
        File "C:\Users\rados\AppData\Local\Programs\Python\Python312\Lib\site-packages\behave\model.py", line 1595, in __getitem__
          index = self.headings.index(name)
                  ^^^^^^^^^^^^^^^^^^^^^^^^^
      ValueError: 'password' is not in list
      
      During handling of the above exception, another exception occurred:
      
      Traceback (most recent call last):
        File "C:\Users\rados\AppData\Local\Programs\Python\Python312\Lib\site-packages\behave\model.py", line 1329, in run
          match.run(runner.context)
        File "C:\Users\rados\AppData\Local\Programs\Python\Python312\Lib\site-packages\behave\matchers.py", line 98, in run
          self.func(context, *args, **kwargs)
        File "features\steps\user_steps.py", line 51, in step_receptionist_user_exists_with_data
          password = row['password']
                     ~~~^^^^^^^^^^^^
        File "C:\Users\rados\AppData\Local\Programs\Python\Python312\Lib\site-packages\behave\model.py", line 1600, in __getitem__
          raise KeyError('"%s" is not a row heading' % name)
      KeyError: '"password" is not a row heading'

    When otwieram stronŕ logowania                         # None
    And wype│niam pole "username" wartoťci╣ "receptionist" # None
    And wype│niam pole "password" wartoťci╣ "admin123"     # None
    And klikam przycisk "Login"                            # None
    Then powinienem zobaczyŠ dashboard recepcjonisty       # None

  Scenario: Logowanie z b│ŕdnym has│em                                      # features/login.feature:27
    Given ┐e u┐ytkownik klienta istnieje z danymi                           # features/steps/user_steps.py:21
      | username | testclient |
      | password | test123    |
      Traceback (most recent call last):
        File "C:\Users\rados\AppData\Local\Programs\Python\Python312\Lib\site-packages\behave\model.py", line 1595, in __getitem__
          index = self.headings.index(name)
                  ^^^^^^^^^^^^^^^^^^^^^^^^^
      ValueError: 'password' is not in list
      
      During handling of the above exception, another exception occurred:
      
      Traceback (most recent call last):
        File "C:\Users\rados\AppData\Local\Programs\Python\Python312\Lib\site-packages\behave\model.py", line 1329, in run
          match.run(runner.context)
        File "C:\Users\rados\AppData\Local\Programs\Python\Python312\Lib\site-packages\behave\matchers.py", line 98, in run
          self.func(context, *args, **kwargs)
        File "features\steps\user_steps.py", line 30, in step_client_user_exists_with_data
          password = row['password']
                     ~~~^^^^^^^^^^^^
        File "C:\Users\rados\AppData\Local\Programs\Python\Python312\Lib\site-packages\behave\model.py", line 1600, in __getitem__
          raise KeyError('"%s" is not a row heading' % name)
      KeyError: '"password" is not a row heading'

    When otwieram stronŕ logowania                                          # None
    And wype│niam pole "username" wartoťci╣ "testclient"                    # None
    And wype│niam pole "password" wartoťci╣ "zlehaslo"                      # None
    And klikam przycisk "Login"                                             # None
    Then powinienem zobaczyŠ komunikat b│ŕdu "Invalid username or password" # None

Feature: Zakup karnetu # features/pass_purchase.feature:1
  Jako zalogowany klient
  Chcŕ mˇc kupiŠ karnet wstŕpu
  Aby mˇc rezerwowaŠ wizyty na si│owni
  Background:   # features/pass_purchase.feature:6

  Scenario: Zakup karnetu 10-wejťciowego                         # features/pass_purchase.feature:9
    Given ┐e jestem zalogowany jako klient "testclient"          # features/steps/user_steps.py:64
    When przechodzŕ do strony zakupu karnetˇw                    # features/steps/pass_steps.py:7
    And wybieram karnet "10-entry"                               # features/steps/pass_steps.py:12
    And klikam przycisk zakupu                                   # features/steps/pass_steps.py:16
      Traceback (most recent call last):
        File "C:\Users\rados\AppData\Local\Programs\Python\Python312\Lib\site-packages\behave\model.py", line 1329, in run
          match.run(runner.context)
        File "C:\Users\rados\AppData\Local\Programs\Python\Python312\Lib\site-packages\behave\matchers.py", line 98, in run
          self.func(context, *args, **kwargs)
        File "features\steps\pass_steps.py", line 19, in step_click_purchase_button
          button = context.driver.find_element(By.XPATH, f"//button[@value='{pass_type}']")
                   ^^^^^^^^^^^^^^^^^^^^^^^^^^^^^^^^^^^^^^^^^^^^^^^^^^^^^^^^^^^^^^^^^^^^^^^^
        File "C:\Users\rados\AppData\Local\Programs\Python\Python312\Lib\site-packages\selenium\webdriver\remote\webdriver.py", line 741, in find_element
          return self.execute(Command.FIND_ELEMENT, {"using": by, "value": value})["value"]
                 ^^^^^^^^^^^^^^^^^^^^^^^^^^^^^^^^^^^^^^^^^^^^^^^^^^^^^^^^^^^^^^^^^
        File "C:\Users\rados\AppData\Local\Programs\Python\Python312\Lib\site-packages\selenium\webdriver\remote\webdriver.py", line 347, in execute
          self.error_handler.check_response(response)
        File "C:\Users\rados\AppData\Local\Programs\Python\Python312\Lib\site-packages\selenium\webdriver\remote\errorhandler.py", line 229, in check_response
          raise exception_class(message, screen, stacktrace)
      selenium.common.exceptions.NoSuchElementException: Message: no such element: Unable to locate element: {"method":"xpath","selector":"//button[@value='10-entry']"}
        (Session info: chrome=144.0.7559.97); For documentation on this error, please visit: https://www.selenium.dev/documentation/webdriver/troubleshooting/errors#no-such-element-exception
      Stacktrace:
      Symbols not available. Dumping unresolved backtrace:
      	0x7ff6e1ba5715
      	0x7ff6e1ba5770
      	0x7ff6e195108d
      	0x7ff6e19ac3be
      	0x7ff6e19ac6cc
      	0x7ff6e19fd2f7
      	0x7ff6e19f9e45
      	0x7ff6e199cc28
      	0x7ff6e199db33
      	0x7ff6e1e8e9f0
      	0x7ff6e1e88ded
      	0x7ff6e1ea969a
      	0x7ff6e1bc11e5
      	0x7ff6e1bc99cc
      	0x7ff6e1baebf4
      	0x7ff6e1baeda6
      	0x7ff6e1b94e87
      	0x7fff1089e8d7
      	0x7fff10cec53c

    Then powinienem zobaczyŠ komunikat "Successfully purchased"  # None
    And powinienem mieŠ aktywny karnet "10-entry" z 10 wejťciami # None

  Scenario: Zakup karnetu 30-dniowego                           # features/pass_purchase.feature:16
    Given ┐e jestem zalogowany jako klient "testclient"         # features/steps/user_steps.py:64
    When przechodzŕ do strony zakupu karnetˇw                   # features/steps/pass_steps.py:7
    And wybieram karnet "30-day"                                # features/steps/pass_steps.py:12
    And klikam przycisk zakupu                                  # features/steps/pass_steps.py:16
